[0m16:23:06.335770 [debug] [MainThread]: Sending event: {'category': 'dbt', 'action': 'invocation', 'label': 'start', 'context': [<snowplow_tracker.self_describing_json.SelfDescribingJson object at 0x711ab9775870>, <snowplow_tracker.self_describing_json.SelfDescribingJson object at 0x711ab76444c0>, <snowplow_tracker.self_describing_json.SelfDescribingJson object at 0x711ab7644430>]}


============================== 16:23:06.341077 | 5304800e-a22c-4e5e-bc6e-267247cb59b0 ==============================
[0m16:23:06.341077 [info ] [MainThread]: Running with dbt=1.6.1
[0m16:23:06.341754 [debug] [MainThread]: running dbt with arguments {'warn_error_options': 'WarnErrorOptions(include=[], exclude=[])', 'partial_parse': 'True', 'profiles_dir': '/home/vscode/.dbt', 'send_anonymous_usage_stats': 'True', 'cache_selected_only': 'False', 'log_cache_events': 'False', 'use_experimental_parser': 'False', 'write_json': 'True', 'invocation_command': 'dbt init', 'indirect_selection': 'eager', 'static_parser': 'True', 'log_format': 'default', 'debug': 'False', 'fail_fast': 'False', 'log_path': 'logs', 'printer_width': '80', 'target_path': 'None', 'use_colors': 'True', 'quiet': 'False', 'warn_error': 'None', 'version_check': 'True', 'no_print': 'None', 'introspect': 'True'}
[0m16:23:06.342248 [warn ] [MainThread]: [ConfigFolderDirectory]: Unable to parse dict {'dir': PosixPath('/home/vscode/.dbt')}
[0m16:23:06.342743 [info ] [MainThread]: Creating dbt configuration folder at 
[0m16:23:17.518326 [debug] [MainThread]: Starter project path: /home/vscode/.local/lib/python3.10/site-packages/dbt/include/starter_project
[0m16:23:17.527016 [info ] [MainThread]: 
Your new dbt project "nyc_parking_violations" was created!

For more information on how to configure the profiles.yml file,
please consult the dbt documentation here:

  https://docs.getdbt.com/docs/configure-your-profile

One more thing:

Need help? Don't hesitate to reach out to us via GitHub issues or on Slack:

  https://community.getdbt.com/

Happy modeling!

[0m16:23:17.528714 [info ] [MainThread]: Setting up your profile.
[0m16:23:21.029016 [info ] [MainThread]: No sample profile found for duckdb.
[0m16:23:21.029927 [debug] [MainThread]: Command `dbt init` succeeded at 16:23:21.029764 after 14.70 seconds
[0m16:23:21.030427 [debug] [MainThread]: Sending event: {'category': 'dbt', 'action': 'invocation', 'label': 'end', 'context': [<snowplow_tracker.self_describing_json.SelfDescribingJson object at 0x711ab9775870>, <snowplow_tracker.self_describing_json.SelfDescribingJson object at 0x711ab75d3910>, <snowplow_tracker.self_describing_json.SelfDescribingJson object at 0x711ab75d3940>]}
[0m16:23:21.030927 [debug] [MainThread]: Flushing usage events
